const 26
deadstore 225
unreach 4
cse 3212
mulshift 56
divshift 8
recip 25
inline 16
purefold 144
zero 0
licm 1530
tailcall 15
jumptable 40
framezero 24
unroll 10
ipcp 102
ipcp 103
concatonetwothree 4
copyprop 72
twodim 6
longacc 60
accumulate 3
cmpbranch 11
constimm-32767  32767
maxscan 22
boundedmul 7380
hotacc 346
