const 26
deadstore 225
unreach 4
cse 3212
mulshift 56
mul85 255
imax 8
imin-5
itie 3
spos 1
sneg-1
szero 0
smin-1
swi ok
swl ok
sws ok
lz1 ok
lz2 ok
lz3 ok
og0
og1
og3
og0
Hi#
b4 set
b0 set
b1 clr
dmax 8
dmin 3
dclamp 3
chi 3
clo 4
chi2 5
lmax 100000
lmin-100000
llow 100000
ldia 100000
lclamp 50000
divshift 8
recip 25
inline 16
purefold 144
zero 0
licm 1530
tailcall 15
jumptable 40
framezero 24
unroll 10
ipcp 102
ipcp 103
concatonetwothree 4
copyprop 72
twodim 6
longacc 60
accumulate 3
cmpbranch 11
constimm-32767  32767
maxscan 22
boundedmul 7380
hotacc 346
shortcircuit 11
parity 10
